src/components/auth/ProtectedRoute.tsx(21,33): error TS2322: Type '{ size: string; }' is not assignable to type 'IntrinsicAttributes & { fullScreen?: boolean | undefined; }'.
  Property 'size' does not exist on type 'IntrinsicAttributes & { fullScreen?: boolean | undefined; }'.
src/components/ErrorBoundary.tsx(8,8): error TS6133: 'React' is declared but its value is never read.
src/components/layout/Layout.tsx(4,18): error TS6133: 'Home' is declared but its value is never read.
src/components/volunteer/SOSRequestCard.tsx(46,48): error TS18047: 'request.distance' is possibly 'null'.
src/pages/ActiveSOSPage.tsx(10,5): error TS6133: 'MapPin' is declared but its value is never read.
src/pages/ActiveSOSPage.tsx(13,5): error TS6133: 'Clock' is declared but its value is never read.
src/pages/ActiveSOSPage.tsx(15,5): error TS6133: 'AlertCircle' is declared but its value is never read.
src/pages/ActiveSOSPage.tsx(20,5): error TS6133: 'ExternalLink' is declared but its value is never read.
src/pages/ActiveSOSPage.tsx(21,5): error TS6133: 'X' is declared but its value is never read.
src/pages/ActiveSOSPage.tsx(129,33): error TS2322: Type '{ size: string; }' is not assignable to type 'IntrinsicAttributes & { fullScreen?: boolean | undefined; }'.
  Property 'size' does not exist on type 'IntrinsicAttributes & { fullScreen?: boolean | undefined; }'.
src/pages/ActiveSOSPage.tsx(305,83): error TS2339: Property 'priority' does not exist on type 'ActiveSOS'.
src/pages/ActiveSOSPage.tsx(382,45): error TS2322: Type '{ size: string; }' is not assignable to type 'IntrinsicAttributes & { fullScreen?: boolean | undefined; }'.
  Property 'size' does not exist on type 'IntrinsicAttributes & { fullScreen?: boolean | undefined; }'.
src/pages/SOSDetailsPage.tsx(70,33): error TS2322: Type '{ size: string; }' is not assignable to type 'IntrinsicAttributes & { fullScreen?: boolean | undefined; }'.
  Property 'size' does not exist on type 'IntrinsicAttributes & { fullScreen?: boolean | undefined; }'.
src/pages/SOSHistoryPage.tsx(57,41): error TS2322: Type '{ size: string; }' is not assignable to type 'IntrinsicAttributes & { fullScreen?: boolean | undefined; }'.
  Property 'size' does not exist on type 'IntrinsicAttributes & { fullScreen?: boolean | undefined; }'.
src/pages/UserSOSStatusPage.tsx(73,33): error TS2322: Type '{ size: string; }' is not assignable to type 'IntrinsicAttributes & { fullScreen?: boolean | undefined; }'.
  Property 'size' does not exist on type 'IntrinsicAttributes & { fullScreen?: boolean | undefined; }'.
src/pages/UserSOSStatusPage.tsx(361,57): error TS2322: Type '{ size: string; }' is not assignable to type 'IntrinsicAttributes & { fullScreen?: boolean | undefined; }'.
  Property 'size' does not exist on type 'IntrinsicAttributes & { fullScreen?: boolean | undefined; }'.
src/pages/VolunteerDashboardPage.tsx(6,20): error TS6133: 'useEffect' is declared but its value is never read.
src/pages/VolunteerDashboardPage.tsx(26,13): error TS6133: 'latitude' is declared but its value is never read.
src/pages/VolunteerDashboardPage.tsx(26,23): error TS6133: 'longitude' is declared but its value is never read.
src/pages/VolunteerDashboardPage.tsx(26,53): error TS6133: 'locationError' is declared but its value is never read.
src/pages/VolunteerDashboardPage.tsx(95,33): error TS2322: Type '{ size: string; }' is not assignable to type 'IntrinsicAttributes & { fullScreen?: boolean | undefined; }'.
  Property 'size' does not exist on type 'IntrinsicAttributes & { fullScreen?: boolean | undefined; }'.
src/pages/VolunteerDashboardPage.tsx(181,45): error TS2322: Type '{ size: string; }' is not assignable to type 'IntrinsicAttributes & { fullScreen?: boolean | undefined; }'.
  Property 'size' does not exist on type 'IntrinsicAttributes & { fullScreen?: boolean | undefined; }'.
src/pages/VolunteerDashboardPage.tsx(217,45): error TS2322: Type '{ size: string; }' is not assignable to type 'IntrinsicAttributes & { fullScreen?: boolean | undefined; }'.
  Property 'size' does not exist on type 'IntrinsicAttributes & { fullScreen?: boolean | undefined; }'.
src/services/api.ts(10,31): error TS2339: Property 'baseURL' does not exist on type '{ auth: { register: string; login: string; refresh: string; logout: string; }; users: { me: string; updateProfile: string; updateLocation: string; getLocation: string; nearby: string; byId: (id: string) => string; }; sos: { ...; }; volunteers: { ...; }; }'.
