node.exe : 
(node:23224) NOTE: 
The AWS SDK for 
JavaScript (v2) has 
reached 
end-of-support.
At line:1 char:1
+ & "C:\Program Files
\nodejs/node.exe" 
"C:\Program 
Files\nodejs/node_mo 
...
+ ~~~~~~~~~~~~~~~~~~~
~~~~~~~~~~~~~~~~~~~~~
~~~~~~~~~~~~~~~~~~~~~
~~~~~~~~
    + CategoryInfo   
           : NotSpe  
  cified: ((node:2   
 3224) NO...end-o    
f-support.:Strin    
g) [], RemoteExc    
eption
    + FullyQualified 
   ErrorId : Native  
  CommandError
 
It will no longer 
receive updates or 
releases.

Please migrate your 
code to use AWS SDK 
for JavaScript (v3).
For more 
information, check 
the blog post at 
https://a.co/cUPnyil
(Use `node 
--trace-warnings 
...` to show where 
the warning was 
created)
FAIL 
tests/auth.test.js
  Auth Endpoints
    ├ù should 
register a new user 
(189 ms)
    ├ù should login 
the registered user 
(174 ms)
    ΓêÜ should fail 
login with wrong 
password (36 ms)

  ΓùÅ Auth Endpoints 
ΓÇ║ should register 
a new user

    expect(received).
toEqual(expected) // 
deep equality

    Expected: 201
    Received: 400

    [0m [90m 17 
|[39m             [
33m.[39msend(testUse
r)[33m;[39m
     [90m 18 |[39m
    [31m[1m>[22m[
39m[90m 19 |[39m   
      expect(res[33m
.[39mstatusCode)[33
m.[39mtoEqual([35m2
01[39m)[33m;[39m
     [90m    |[39m 
                     
          
[31m[1m^[22m[39m
     [90m 20 |[39m 
        expect(res[3
3m.[39mbody)[33m.[
39mtoHaveProperty([3
2m'user'[39m)[33m;
[39m
     [90m 21 |[39m 
        expect(res[3
3m.[39mbody[33m.[3
9muser)[33m.[39mtoH
aveProperty([32m'ema
il'[39m[33m,[39m t
estUser[33m.[39mema
il)[33m;[39m
     [90m 22 |[39m 
    })[33m;[39m[0m

      at 
Object.toEqual (tests
/auth.test.js:19:32)

  ΓùÅ Auth Endpoints 
ΓÇ║ should login the 
registered user

    expect(received).
toEqual(expected) // 
deep equality

    Expected: 200
    Received: 401

    [0m [90m 30 
|[39m             
})[33m;[39m
     [90m 31 |[39m
    [31m[1m>[22m[
39m[90m 32 |[39m   
      expect(res[33m
.[39mstatusCode)[33
m.[39mtoEqual([35m2
00[39m)[33m;[39m
     [90m    |[39m 
                     
          
[31m[1m^[22m[39m
     [90m 33 |[39m 
        expect(res[3
3m.[39mbody)[33m.[
39mtoHaveProperty([3
2m'accessToken'[39m)
[33m;[39m
     [90m 34 |[39m 
        expect(res[3
3m.[39mbody)[33m.[
39mtoHaveProperty([3
2m'user'[39m)[33m;
[39m
     [90m 35 |[39m 
    })[33m;[39m[0m

      at 
Object.toEqual (tests
/auth.test.js:32:32)

Test Suites: 1 
failed, 1 total
Tests:       2 
failed, 1 passed, 3 
total
Snapshots:   0 total
Time:        2.818 
s, estimated 5 s
Ran all test suites 
matching /tests\\auth
.test.js/i.
